// Jest Snapshot v1, https://goo.gl/fbAQLP

exports[`components/Box should match snapshot 1`] = `
.c0 {
  height: 400px;
  width: 400px;
  box-shadow: 0px 1px 5px rgba(24,17,3,0.2), 0px 3px 4px rgba(0,0,0,0.12), 0px 2px 4px rgba(24,17,3,0.14);
  border-radius: 4px;
  padding: 32px;
  background: #ffffff;
}

<main
  className="c0"
/>
`;
